[21:08:09] [main/INFO] (FabricLoader/GameProvider) Loading Minecraft 26.3 with Fabric Loader 0.19.5
[21:08:09] [main/INFO] (FabricLoader/Mappings) Mappings not present!
[21:08:09] [main/INFO] (FabricLoader) Loading 54 mods:
	- fabric-advancement-api-v1 1.0.0+38c7a2d55d
	- fabric-api 0.161.0+26.3
	- fabric-api-base 2.0.6+fcdff87fa3
	- fabric-api-lookup-api-v1 2.0.24+3434d6d95d
	- fabric-biome-api-v1 20.0.9+74ed1ea55d
	- fabric-block-api-v1 3.1.0+0ae6f9115d
	- fabric-block-getter-api-v2 2.0.9+3434d6d95d
	- fabric-client-gametest-api-v1 6.0.7+4be74c3f5d
	- fabric-command-api-v2 3.1.2+fcdff87f5d
	- fabric-content-registries-v0 15.0.4+74ed1ea55d
	- fabric-convention-tags-v2 4.10.3+6b5b47fd5d
	- fabric-crash-report-info-v1 1.0.7+fcdff87f5d
	- fabric-creative-tab-api-v1 5.0.21+fcdff87f5d
	- fabric-data-attachment-api-v1 2.2.30+3434d6d95d
	- fabric-data-generation-api-v1 27.2.4+427eab975d
	- fabric-debug-api-v1 1.0.4+3434d6d95d
	- fabric-dimensions-v1 5.1.19+47f74c985d
	- fabric-entity-events-v1 6.0.4+3434d6d95d
	- fabric-events-interaction-v0 5.3.6+3434d6d95d
	- fabric-game-rule-api-v1 4.0.10+3434d6d95d
	- fabric-gametest-api-v1 4.0.32+3434d6d95d
	- fabric-item-api-v1 14.7.0+cf6bc2db5d
	- fabric-key-mapping-api-v1 2.0.8+3434d6d95d
	- fabric-lifecycle-events-v1 4.1.9+ffef5f675d
	- fabric-loot-api-v3 4.0.8+4068fd645d
	- fabric-menu-api-v1 2.0.27+ed66f0a35d
	- fabric-message-api-v1 7.0.10+3434d6d95d
	- fabric-model-loading-api-v1 8.0.35+fcdff87f5d
	- fabric-networking-api-v1 6.3.8+fcdff87f5d
	- fabric-object-builder-api-v1 24.1.9+3434d6d95d
	- fabric-particles-v1 5.0.24+3434d6d95d
	- fabric-permission-api-v1 1.0.8+fcdff87f5d
	- fabric-recipe-api-v1 10.0.8+fcdff87f5d
	- fabric-registry-sync-v0 8.0.1+fcdff87f5d
	- fabric-renderer-api-v1 17.0.15+79385d0b5d
	- fabric-renderer-indigo 9.1.23+b9d63e335d
	- fabric-rendering-fluids-v1 6.0.6+3434d6d95d
	- fabric-rendering-v1 27.0.14+901a437c5d
	- fabric-resource-conditions-api-v1 6.1.5+3434d6d95d
	- fabric-resource-loader-v0 3.3.26+4fc5413f5d
	- fabric-resource-loader-v1 3.0.4+fcdff87fa3
	- fabric-screen-api-v1 5.2.4+48607d035d
	- fabric-serialization-api-v1 2.0.7+74ed1ea55d
	- fabric-sound-api-v1 2.0.7+3434d6d95d
	- fabric-tag-api-v1 2.1.10+fcdff87f5d
	- fabric-transfer-api-v1 8.0.25+fcdff87f5d
	- fabric-transitive-access-wideners-v1 8.1.16+52268a0e5d
	- fabricloader 0.19.5
	- hsn-optimizations 4.1.9
	- java 25
	- minecraft 26.3
	- mixinextras 0.5.5
	- modmenu 21.0.0-beta.1
	   \-- placeholder-api 3.2.0+26.3
[21:08:10] [main/INFO] (FabricLoader/Mixin) SpongePowered MIXIN Subsystem Version=0.8.7 Source=file:/home/rha/.gradle/caches/modules-2/files-2.1/net.fabricmc/sponge-mixin/0.17.4+mixin.0.8.7/5f66cc9f59b8efaa942155a3d5a30599bf6640dd/sponge-mixin-0.17.4+mixin.0.8.7.jar Service=Knot/Fabric Env=CLIENT
[21:08:10] [main/INFO] (hsn-optimizations) HSN: BufferStorage class not on this Minecraft version; frame-pacing buffer mixin skipped.
[21:08:13] [main/INFO] (hsn-optimizations) HSN GC: ZGC Minor Cycles+ZGC Minor Pauses+ZGC Major Cycles+ZGC Major Pauses (generational ZGC path is live)
[21:08:15] [main/INFO] (FabricLoader/MixinExtras|Service) Initializing MixinExtras via com.llamalad7.mixinextras.service.MixinExtrasServiceImpl(version=0.5.5).
[21:08:20] [Datafixer Bootstrap #0/INFO] (Minecraft) 307 Datafixer optimizations took 2621 milliseconds
[21:08:36] [Render thread/INFO] (Minecraft) Environment: Environment[discoveryUrl=https://discovery.minecraftservices.com/minecraft/client, name=PROD]
[21:08:36] [Render thread/INFO] (Minecraft) Setting user: Player976
[21:08:36] [Render thread/INFO] (hsn-optimizations) HSN: native kernels not loaded (os=Linux, arch=amd64). Using the Java path.
[21:08:36] [Render thread/INFO] (hsn-optimizations) HSN: native kernels not loaded (os=Linux, arch=amd64). Using the Java path.
[21:08:36] [Render thread/INFO] (hsn-optimizations) HSN: native kernels not loaded (os=Linux, arch=amd64). Using the Java path.
[21:08:36] [Render thread/INFO] (hsn-optimizations) HSN 4.1.9 initialized on fabric
[21:08:36] [Render thread/INFO] (Mod Menu/Update Checker) Checking mod updates...
[21:08:37] [Render thread/INFO] (hsn-optimizations) Sodium not loaded; HSN settings stay on Mod Menu / the built-in screen.
[21:08:37] [Render thread/INFO] (hsn-optimizations) HSN keys registered unbound. Bind them in Controls → HSN Optimizations.
[21:08:37] [Render thread/INFO] (hsn-optimizations) HSN: native kernels not loaded (os=Linux, arch=amd64). Using the Java path.
[21:08:37] [Render thread/INFO] (hsn-optimizations) HSN 4.1.9 ready on fabric — preset Balanced — native=false cpu(avx512=false,avx2=false) vector=true lanes=4 l3=3072KiB batchFloor=32 scaleBlocked=false mode=Auto (best available) active=java-scalar gc=ZGC Minor Cycles+ZGC Minor Pauses+ZGC Major Cycles+ZGC Major Pauses
[21:08:37] [Download-2/ERROR] (Minecraft) Failed to fetch user properties
com.mojang.authlib.exceptions.InvalidCredentialsException: Status: 401
	at knot//com.mojang.authlib.exceptions.MinecraftClientHttpException.toAuthenticationException(MinecraftClientHttpException.java:70)
	at knot//com.mojang.authlib.services.MinecraftServicesUserApiService.fetchProperties(MinecraftServicesUserApiService.java:168)
	at knot//net.minecraft.client.Minecraft.lambda$new$1(Minecraft.java:451)
	at java.base/java.util.concurrent.CompletableFuture$AsyncSupply.run(CompletableFuture.java:1789)
	at java.base/java.util.concurrent.ThreadPoolExecutor.runWorker(ThreadPoolExecutor.java:1090)
	at java.base/java.util.concurrent.ThreadPoolExecutor$Worker.run(ThreadPoolExecutor.java:614)
	at java.base/java.lang.Thread.run(Thread.java:1474)
Caused by: MinecraftClientHttpException[type=HTTP_ERROR, status=401, response=ErrorResponse[path=/player/attributes, error=null, errorMessage=null, details=null]]
	at knot//com.mojang.authlib.minecraft.client.MinecraftClient.buildHttpException(MinecraftClient.java:170)
	at knot//com.mojang.authlib.minecraft.client.MinecraftClient.readServiceResponse(MinecraftClient.java:147)
	at knot//com.mojang.authlib.minecraft.client.MinecraftClient.getWithEtag(MinecraftClient.java:81)
	at knot//com.mojang.authlib.minecraft.client.MinecraftClient.get(MinecraftClient.java:65)
	at knot//com.mojang.authlib.services.MinecraftServicesUserApiService.fetchProperties(MinecraftServicesUserApiService.java:118)
	... 5 more
[21:08:37] [Render thread/INFO] (Indigo) [Indigo] Registering Indigo renderer!
[21:08:38] [Render thread/INFO] (Minecraft) Backend library: LWJGL version 3.4.3-snapshot
[21:08:38] [Render thread/INFO] (Minecraft) SDL [SYSTEM]: App name: Minecraft
[21:08:38] [Render thread/INFO] (Minecraft) SDL [SYSTEM]: App version: 26.3
[21:08:38] [Render thread/INFO] (Minecraft) SDL [SYSTEM]: App ID: com.mojang.minecraft
[21:08:38] [Render thread/INFO] (Minecraft) SDL [SYSTEM]: SDL revision: SDL-3.4.14--128-NOTFOUND
[21:08:39] [Render thread/INFO] (Minecraft) Using graphics backend OpenGL, using drivers: 3.3 (Core Profile) Mesa 25.0.7-2+deb13u1
[21:08:39] [Render thread/INFO] (Minecraft) Using graphics device: Mesa Intel(R) HD Graphics 3000 (SNB GT2) (Intel)
[21:08:39] [Render thread/INFO] (Minecraft) Using graphics device extensions: GL_ARB_buffer_storage, GL_ARB_shader_draw_parameters, GL_ARB_base_instance, GL_KHR_debug, GL_ARB_clip_control, GL_ARB_vertex_attrib_binding, GL_ARB_direct_state_access, GL_EXT_texture_filter_anisotropic
[21:08:39] [Render thread/INFO] (Minecraft) Created window using SDL video driver: wayland
[21:08:39] [Render thread/WARN] (Minecraft) Failed to set window icon: wayland: cannot set icon; required xdg_toplevel_icon_v1 protocol not supported
[21:08:41] [Download-3/INFO] (Minecraft) Could not authorize you against Realms server: java.lang.RuntimeException: Failed to parse into SignedJWT: FabricMC
[21:08:41] [Download-3/ERROR] (Minecraft) Failed to fetch Realms feature flags
com.mojang.realmsclient.exception.RealmsServiceException: Realms authentication error with message 'java.lang.RuntimeException: Failed to parse into SignedJWT: FabricMC'
	at knot//com.mojang.realmsclient.client.RealmsClient.execute(RealmsClient.java:625)
	at knot//com.mojang.realmsclient.client.RealmsClient.fetchFeatureFlags(RealmsClient.java:204)
	at java.base/java.util.concurrent.CompletableFuture$AsyncSupply.run(CompletableFuture.java:1789)
	at java.base/java.util.concurrent.ThreadPoolExecutor.runWorker(ThreadPoolExecutor.java:1090)
	at java.base/java.util.concurrent.ThreadPoolExecutor$Worker.run(ThreadPoolExecutor.java:614)
	at java.base/java.lang.Thread.run(Thread.java:1474)
[21:08:42] [Render thread/INFO] (Minecraft) Reloading ResourceManager: vanilla, vanilla, fabric-advancement-api-v1, fabric-api, fabric-api-base, fabric-api-lookup-api-v1, fabric-biome-api-v1, fabric-block-api-v1, fabric-block-getter-api-v2, fabric-client-gametest-api-v1, fabric-command-api-v2, fabric-content-registries-v0, fabric-convention-tags-v2, fabric-crash-report-info-v1, fabric-creative-tab-api-v1, fabric-data-attachment-api-v1, fabric-data-generation-api-v1, fabric-debug-api-v1, fabric-dimensions-v1, fabric-entity-events-v1, fabric-events-interaction-v0, fabric-game-rule-api-v1, fabric-gametest-api-v1, fabric-item-api-v1, fabric-key-mapping-api-v1, fabric-lifecycle-events-v1, fabric-loot-api-v3, fabric-menu-api-v1, fabric-message-api-v1, fabric-model-loading-api-v1, fabric-networking-api-v1, fabric-object-builder-api-v1, fabric-particles-v1, fabric-permission-api-v1, fabric-recipe-api-v1, fabric-registry-sync-v0, fabric-renderer-api-v1, fabric-renderer-indigo, fabric-rendering-fluids-v1, fabric-rendering-v1, fabric-resource-conditions-api-v1, fabric-resource-loader-v0, fabric-resource-loader-v1, fabric-screen-api-v1, fabric-serialization-api-v1, fabric-sound-api-v1, fabric-tag-api-v1, fabric-transfer-api-v1, fabric-transitive-access-wideners-v1, fabricloader, hsn-optimizations, modmenu, placeholder-api
[21:08:42] [Render thread/INFO] (hsn-optimizations) HSN graphics backend: opengl (fallback chain dx12 -> vulkan -> opengl -> cpu)
[21:08:42] [Render thread/INFO] (hsn-optimizations) HSN: native kernels not loaded (os=Linux, arch=amd64). Using the Java path.
[21:08:42] [Render thread/INFO] (hsn-optimizations) HSN auto-detected GPU 'Mesa Intel(R) HD Graphics 3000 (SNB GT2)' -> applying Ultra Low preset (change anytime in HSN Extra settings or ModMenu)
[21:08:42] [Render thread/INFO] (hsn-optimizations) HSN: native kernels not loaded (os=Linux, arch=amd64). Using the Java path.
[21:08:42] [Render thread/INFO] (hsn-optimizations) HSN GPU probe: backend=opengl vulkan=false device='Mesa Intel(R) HD Graphics 3000 (SNB GT2)'
[21:08:43] [Worker-Main-1/INFO] (Minecraft) Found unifont_all_no_pua-17.0.01.hex, loading
[21:08:43] [Worker-Main-2/INFO] (Minecraft) Found unifont_pua-17.0.01.hex, loading
[21:08:44] [Worker-Main-1/INFO] (Minecraft) Found unifont_jp_patch-17.0.01.hex, loading
[21:08:52] [Render thread/INFO] (Minecraft) OpenAL initialized on device Built-in Audio Analog Stereo
[21:08:52] [Render thread/INFO] (Minecraft) Sound engine started
[21:08:52] [Render thread/INFO] (Minecraft) Created: 512x256x0 minecraft:textures/atlas/particles.png-atlas
[21:08:52] [Render thread/INFO] (Minecraft) Created: 256x128x0 minecraft:textures/atlas/celestials.png-atlas
[21:08:52] [Render thread/INFO] (Minecraft) Created: 128x128x0 minecraft:textures/atlas/decorated_pot.png-atlas
[21:08:52] [Render thread/INFO] (Minecraft) Created: 512x256x0 minecraft:textures/atlas/paintings.png-atlas
[21:08:52] [Render thread/INFO] (Minecraft) Created: 1024x512x0 minecraft:textures/atlas/shield_patterns.png-atlas
[21:08:52] [Render thread/INFO] (Minecraft) Created: 1024x512x0 minecraft:textures/atlas/banner_patterns.png-atlas
[21:08:52] [Render thread/INFO] (Minecraft) Created: 2048x2048x4 minecraft:textures/atlas/blocks.png-atlas
[21:08:52] [Render thread/INFO] (Minecraft) Created: 1024x512x0 minecraft:textures/atlas/items.png-atlas
[21:08:52] [Render thread/INFO] (Minecraft) Created: 1024x1024x0 minecraft:textures/atlas/gui.png-atlas
[21:08:52] [Render thread/INFO] (Minecraft) Created: 128x64x0 minecraft:textures/atlas/map_decorations.png-atlas
[21:08:52] [Render thread/INFO] (Minecraft) Created: 512x512x0 minecraft:textures/atlas/chest.png-atlas
[21:08:52] [Render thread/INFO] (Minecraft) Created: 512x512x0 minecraft:textures/atlas/shulker_boxes.png-atlas
[21:13:47] [Download-9/INFO] (Minecraft) Could not authorize you against Realms server: java.lang.RuntimeException: Failed to parse into SignedJWT: FabricMC
[21:13:47] [Download-9/ERROR] (Minecraft) Couldn't connect to realms
com.mojang.realmsclient.exception.RealmsServiceException: Realms authentication error with message 'java.lang.RuntimeException: Failed to parse into SignedJWT: FabricMC'
	at knot//com.mojang.realmsclient.client.RealmsClient.execute(RealmsClient.java:625)
	at knot//com.mojang.realmsclient.client.RealmsClient.clientCompatible(RealmsClient.java:354)
	at knot//com.mojang.realmsclient.RealmsAvailability.lambda$check$0(RealmsAvailability.java:48)
	at java.base/java.util.concurrent.CompletableFuture$AsyncSupply.run(CompletableFuture.java:1789)
	at java.base/java.util.concurrent.ThreadPoolExecutor.runWorker(ThreadPoolExecutor.java:1090)
	at java.base/java.util.concurrent.ThreadPoolExecutor$Worker.run(ThreadPoolExecutor.java:614)
	at java.base/java.lang.Thread.run(Thread.java:1474)
[21:15:44] [Worker-Main-5/INFO] (Minecraft) Loaded 1866 advancements
[21:15:46] [Render thread/INFO] (Minecraft) Resizing Dynamic Transforms UBO, capacity limit of 2 reached during a single frame. New capacity will be 4.
[21:15:49] [Render thread/INFO] (BiomeModificationImpl) Applied 0 biome modifications to 0 of 67 new biomes in 2.466 ms
[21:15:49] [Server thread/INFO] (hsn-optimizations) HSN scheduler: cores=4 background=2 retuned=7 zgc=true (no stack-dump scan)
[21:15:49] [Server thread/INFO] (Minecraft) Starting integrated minecraft server version 26.3
[21:15:49] [Server thread/INFO] (Minecraft) Generating keypair
[21:15:50] [Server thread/INFO] (Minecraft) Selecting global world spawn...
[21:15:52] [Server thread/INFO] (Minecraft) Loading 0 persistent chunks...
[21:15:52] [Server thread/INFO] (Minecraft) Preparing spawn area: 16%
[21:15:52] [Server thread/INFO] (Minecraft) Saving chunks for level 'ServerLevel[New World]'/minecraft:overworld
[21:15:52] [Server thread/INFO] (Minecraft) Saving chunks for level 'ServerLevel[New World]'/minecraft:the_end
[21:15:52] [Server thread/INFO] (Minecraft) Saving chunks for level 'ServerLevel[New World]'/minecraft:the_nether
[21:15:52] [Server thread/INFO] (hsn-optimizations) HSN: native kernels not loaded (os=Linux, arch=amd64). Using the Java path.
[21:15:52] [Server thread/INFO] (hsn-optimizations) HSN server window opened (6s drain, worldOpen=true, gc=ZGC Minor Cycles+ZGC Minor Pauses+ZGC Major Cycles+ZGC Major Pauses, loader=fabric)
[21:15:54] [Server thread/INFO] (Minecraft) Loading 47 chunks for player spawn...
[21:15:54] [Server thread/INFO] (Minecraft) Preparing spawn area: 16%
[21:15:54] [Server thread/INFO] (Minecraft) Preparing spawn area: 16%
[21:15:54] [Server thread/INFO] (Minecraft) Preparing spawn area: 16%
[21:15:54] [Server thread/INFO] (Minecraft) Preparing spawn area: 16%
[21:15:54] [Server thread/INFO] (Minecraft) Preparing spawn area: 16%
[21:15:54] [Server thread/INFO] (Minecraft) Preparing spawn area: 16%
[21:15:54] [Server thread/INFO] (Minecraft) Preparing spawn area: 16%
[21:15:54] [Server thread/INFO] (Minecraft) Preparing spawn area: 16%
[21:15:55] [Server thread/INFO] (Minecraft) Preparing spawn area: 57%
[21:15:55] [Server thread/INFO] (Minecraft) Time elapsed: 4723 ms
[21:15:55] [Server thread/INFO] (Minecraft) Player976[local:E:df960dfa] logged in with entity id 1 at (-5.5, -60.0, -1.5)
[21:15:56] [Server thread/INFO] (Minecraft) System chat: Player976 joined the game
[21:15:56] [Server thread/INFO] (hsn-optimizations) HSN: native kernels not loaded (os=Linux, arch=amd64). Using the Java path.
[21:15:56] [Server thread/INFO] (Minecraft) Changing view distance to 16, from 10
[21:15:56] [Server thread/INFO] (Minecraft) Changing simulation distance to 12, from 0
[21:15:56] [Server thread/INFO] (hsn-optimizations) HSN: native kernels not loaded (os=Linux, arch=amd64). Using the Java path.
[21:15:56] [Server thread/INFO] (hsn-optimizations) HSN: native kernels not loaded (os=Linux, arch=amd64). Using the Java path.
[21:15:56] [Server thread/INFO] (hsn-optimizations) HSN: native kernels not loaded (os=Linux, arch=amd64). Using the Java path.
[21:15:56] [Render thread/INFO] (Minecraft) Loaded 2 advancements
[21:15:56] [Server thread/INFO] (hsn-optimizations) HSN: native kernels not loaded (os=Linux, arch=amd64). Using the Java path.
[21:15:56] [Server thread/INFO] (hsn-optimizations) HSN: native kernels not loaded (os=Linux, arch=amd64). Using the Java path.
[21:15:56] [Server thread/INFO] (hsn-optimizations) HSN: native kernels not loaded (os=Linux, arch=amd64). Using the Java path.
[21:15:56] [Server thread/INFO] (hsn-optimizations) HSN: native kernels not loaded (os=Linux, arch=amd64). Using the Java path.
[21:15:56] [Server thread/INFO] (hsn-optimizations) HSN: native kernels not loaded (os=Linux, arch=amd64). Using the Java path.
[21:15:56] [Server thread/INFO] (hsn-optimizations) HSN: native kernels not loaded (os=Linux, arch=amd64). Using the Java path.
[21:15:56] [Server thread/INFO] (hsn-optimizations) HSN: native kernels not loaded (os=Linux, arch=amd64). Using the Java path.
[21:15:56] [Server thread/INFO] (hsn-optimizations) HSN: native kernels not loaded (os=Linux, arch=amd64). Using the Java path.
[21:15:56] [Server thread/INFO] (hsn-optimizations) HSN: native kernels not loaded (os=Linux, arch=amd64). Using the Java path.
[21:15:56] [Server thread/INFO] (hsn-optimizations) HSN: native kernels not loaded (os=Linux, arch=amd64). Using the Java path.
[21:15:56] [Server thread/INFO] (hsn-optimizations) HSN: native kernels not loaded (os=Linux, arch=amd64). Using the Java path.
[21:15:56] [Server thread/INFO] (hsn-optimizations) HSN: native kernels not loaded (os=Linux, arch=amd64). Using the Java path.
[21:15:56] [Server thread/INFO] (hsn-optimizations) HSN: native kernels not loaded (os=Linux, arch=amd64). Using the Java path.
[21:15:56] [Server thread/INFO] (hsn-optimizations) HSN: native kernels not loaded (os=Linux, arch=amd64). Using the Java path.
[21:15:56] [Server thread/INFO] (hsn-optimizations) HSN: native kernels not loaded (os=Linux, arch=amd64). Using the Java path.
[21:15:56] [Server thread/INFO] (hsn-optimizations) HSN: native kernels not loaded (os=Linux, arch=amd64). Using the Java path.
[21:15:56] [Render thread/WARN] (hsn-optimizations) HSN: GPU 'Mesa Intel(R) HD Graphics 3000 (SNB GT2)' is integrated/old. RenderScale and circular terrain disabled for this session.
[21:15:56] [Render thread/INFO] (hsn-optimizations) HSN: native kernels not loaded (os=Linux, arch=amd64). Using the Java path.
[21:15:56] [Render thread/INFO] (hsn-optimizations) HSN: native kernels not loaded (os=Linux, arch=amd64). Using the Java path.
[21:15:56] [Server thread/INFO] (hsn-optimizations) HSN: native kernels not loaded (os=Linux, arch=amd64). Using the Java path.
[21:15:56] [Server thread/INFO] (hsn-optimizations) HSN: native kernels not loaded (os=Linux, arch=amd64). Using the Java path.
[21:15:56] [Server thread/INFO] (hsn-optimizations) HSN: native kernels not loaded (os=Linux, arch=amd64). Using the Java path.
[21:15:56] [Server thread/INFO] (hsn-optimizations) HSN: native kernels not loaded (os=Linux, arch=amd64). Using the Java path.
[21:15:56] [Server thread/INFO] (hsn-optimizations) HSN: native kernels not loaded (os=Linux, arch=amd64). Using the Java path.
[21:15:56] [Server thread/INFO] (hsn-optimizations) HSN: native kernels not loaded (os=Linux, arch=amd64). Using the Java path.
[21:15:56] [Server thread/INFO] (hsn-optimizations) HSN: native kernels not loaded (os=Linux, arch=amd64). Using the Java path.
[21:15:57] [Server thread/INFO] (hsn-optimizations) HSN: native kernels not loaded (os=Linux, arch=amd64). Using the Java path.
[21:15:57] [Server thread/INFO] (hsn-optimizations) HSN: native kernels not loaded (os=Linux, arch=amd64). Using the Java path.
[21:15:57] [Server thread/INFO] (hsn-optimizations) HSN: native kernels not loaded (os=Linux, arch=amd64). Using the Java path.
[21:15:57] [Server thread/INFO] (hsn-optimizations) HSN: native kernels not loaded (os=Linux, arch=amd64). Using the Java path.
[21:15:57] [Render thread/WARN] (Minecraft) Requested post effect does not exist: minecraft:end_of_frame
[21:15:57] [Server thread/INFO] (hsn-optimizations) HSN: native kernels not loaded (os=Linux, arch=amd64). Using the Java path.
[21:15:57] [Server thread/INFO] (hsn-optimizations) HSN: native kernels not loaded (os=Linux, arch=amd64). Using the Java path.
[21:15:57] [Server thread/INFO] (hsn-optimizations) HSN: native kernels not loaded (os=Linux, arch=amd64). Using the Java path.
[21:15:57] [Server thread/INFO] (hsn-optimizations) HSN: native kernels not loaded (os=Linux, arch=amd64). Using the Java path.
[21:15:57] [Server thread/INFO] (hsn-optimizations) HSN: native kernels not loaded (os=Linux, arch=amd64). Using the Java path.
[21:15:57] [Render thread/INFO] (hsn-optimizations) HSN: native kernels not loaded (os=Linux, arch=amd64). Using the Java path.
[21:15:57] [Render thread/INFO] (hsn-optimizations) HSN: native kernels not loaded (os=Linux, arch=amd64). Using the Java path.
[21:15:57] [Server thread/INFO] (hsn-optimizations) HSN: native kernels not loaded (os=Linux, arch=amd64). Using the Java path.
[21:15:57] [Render thread/INFO] (hsn-optimizations) HSN: native kernels not loaded (os=Linux, arch=amd64). Using the Java path.
[21:15:57] [Render thread/INFO] (hsn-optimizations) HSN: native kernels not loaded (os=Linux, arch=amd64). Using the Java path.
[21:15:57] [Render thread/INFO] (hsn-optimizations) HSN: native kernels not loaded (os=Linux, arch=amd64). Using the Java path.
[21:15:57] [Render thread/INFO] (hsn-optimizations) HSN: native kernels not loaded (os=Linux, arch=amd64). Using the Java path.
[21:15:57] [Render thread/INFO] (hsn-optimizations) HSN: native kernels not loaded (os=Linux, arch=amd64). Using the Java path.
[21:15:57] [Render thread/INFO] (hsn-optimizations) HSN: native kernels not loaded (os=Linux, arch=amd64). Using the Java path.
[21:15:57] [Render thread/INFO] (hsn-optimizations) HSN: native kernels not loaded (os=Linux, arch=amd64). Using the Java path.
[21:15:57] [Render thread/INFO] (hsn-optimizations) HSN: native kernels not loaded (os=Linux, arch=amd64). Using the Java path.
[21:15:57] [Server thread/INFO] (hsn-optimizations) HSN: native kernels not loaded (os=Linux, arch=amd64). Using the Java path.
[21:15:57] [Render thread/INFO] (Minecraft) Resizing Dynamic Transforms UBO, capacity limit of 4 reached during a single frame. New capacity will be 8.
[21:15:57] [Server thread/INFO] (hsn-optimizations) HSN: native kernels not loaded (os=Linux, arch=amd64). Using the Java path.
[21:15:57] [Server thread/INFO] (hsn-optimizations) HSN: native kernels not loaded (os=Linux, arch=amd64). Using the Java path.
[21:15:57] [Render thread/INFO] (hsn-optimizations) HSN: native kernels not loaded (os=Linux, arch=amd64). Using the Java path.
[21:15:57] [Render thread/INFO] (hsn-optimizations) HSN: native kernels not loaded (os=Linux, arch=amd64). Using the Java path.
[21:15:57] [Render thread/INFO] (hsn-optimizations) HSN: native kernels not loaded (os=Linux, arch=amd64). Using the Java path.
[21:15:57] [Render thread/INFO] (hsn-optimizations) HSN: native kernels not loaded (os=Linux, arch=amd64). Using the Java path.
[21:15:57] [Render thread/INFO] (hsn-optimizations) HSN: native kernels not loaded (os=Linux, arch=amd64). Using the Java path.
[21:15:57] [Server thread/INFO] (hsn-optimizations) HSN: native kernels not loaded (os=Linux, arch=amd64). Using the Java path.
[21:15:57] [Render thread/INFO] (Minecraft) Resizing Dynamic Transforms UBO, capacity limit of 8 reached during a single frame. New capacity will be 16.
[21:15:57] [Server thread/INFO] (hsn-optimizations) HSN: native kernels not loaded (os=Linux, arch=amd64). Using the Java path.
[21:15:57] [Render thread/INFO] (hsn-optimizations) HSN: native kernels not loaded (os=Linux, arch=amd64). Using the Java path.
[21:15:57] [Render thread/INFO] (hsn-optimizations) HSN: native kernels not loaded (os=Linux, arch=amd64). Using the Java path.
[21:15:57] [Server thread/INFO] (hsn-optimizations) HSN: native kernels not loaded (os=Linux, arch=amd64). Using the Java path.
[21:15:57] [Render thread/INFO] (hsn-optimizations) HSN: native kernels not loaded (os=Linux, arch=amd64). Using the Java path.
[21:15:57] [Render thread/INFO] (hsn-optimizations) HSN: native kernels not loaded (os=Linux, arch=amd64). Using the Java path.
[21:15:57] [Server thread/INFO] (hsn-optimizations) HSN: native kernels not loaded (os=Linux, arch=amd64). Using the Java path.
[21:15:57] [Render thread/INFO] (hsn-optimizations) HSN: native kernels not loaded (os=Linux, arch=amd64). Using the Java path.
[21:15:57] [Server thread/INFO] (hsn-optimizations) HSN: native kernels not loaded (os=Linux, arch=amd64). Using the Java path.
[21:15:57] [Render thread/INFO] (hsn-optimizations) HSN: native kernels not loaded (os=Linux, arch=amd64). Using the Java path.
[21:15:57] [Server thread/INFO] (hsn-optimizations) HSN: native kernels not loaded (os=Linux, arch=amd64). Using the Java path.
[21:15:57] [Render thread/INFO] (hsn-optimizations) HSN: native kernels not loaded (os=Linux, arch=amd64). Using the Java path.
[21:15:57] [Server thread/INFO] (hsn-optimizations) HSN: native kernels not loaded (os=Linux, arch=amd64). Using the Java path.
[21:15:58] [Server thread/INFO] (hsn-optimizations) HSN: native kernels not loaded (os=Linux, arch=amd64). Using the Java path.
[21:15:58] [Server thread/INFO] (hsn-optimizations) HSN: native kernels not loaded (os=Linux, arch=amd64). Using the Java path.
[21:15:58] [Server thread/INFO] (hsn-optimizations) HSN: native kernels not loaded (os=Linux, arch=amd64). Using the Java path.
[21:15:58] [Server thread/INFO] (hsn-optimizations) HSN: native kernels not loaded (os=Linux, arch=amd64). Using the Java path.
[21:15:58] [Server thread/INFO] (hsn-optimizations) HSN: native kernels not loaded (os=Linux, arch=amd64). Using the Java path.
[21:15:58] [Render thread/INFO] (hsn-optimizations) HSN: native kernels not loaded (os=Linux, arch=amd64). Using the Java path.
[21:15:58] [Render thread/INFO] (hsn-optimizations) HSN: native kernels not loaded (os=Linux, arch=amd64). Using the Java path.
[21:15:58] [Server thread/INFO] (hsn-optimizations) HSN: native kernels not loaded (os=Linux, arch=amd64). Using the Java path.
[21:15:58] [Render thread/INFO] (hsn-optimizations) HSN: native kernels not loaded (os=Linux, arch=amd64). Using the Java path.
[21:15:58] [Render thread/INFO] (hsn-optimizations) HSN: native kernels not loaded (os=Linux, arch=amd64). Using the Java path.
[21:15:58] [Render thread/INFO] (hsn-optimizations) HSN: native kernels not loaded (os=Linux, arch=amd64). Using the Java path.
[21:15:58] [Render thread/INFO] (hsn-optimizations) HSN: native kernels not loaded (os=Linux, arch=amd64). Using the Java path.
[21:15:58] [Server thread/INFO] (hsn-optimizations) HSN: native kernels not loaded (os=Linux, arch=amd64). Using the Java path.
[21:15:58] [Server thread/INFO] (hsn-optimizations) HSN: native kernels not loaded (os=Linux, arch=amd64). Using the Java path.
[21:15:58] [Render thread/INFO] (hsn-optimizations) HSN: native kernels not loaded (os=Linux, arch=amd64). Using the Java path.
[21:15:58] [Server thread/INFO] (hsn-optimizations) HSN: native kernels not loaded (os=Linux, arch=amd64). Using the Java path.
[21:15:58] [Render thread/INFO] (hsn-optimizations) HSN: native kernels not loaded (os=Linux, arch=amd64). Using the Java path.
[21:15:58] [Server thread/INFO] (hsn-optimizations) HSN: native kernels not loaded (os=Linux, arch=amd64). Using the Java path.
[21:15:58] [Render thread/INFO] (hsn-optimizations) HSN: native kernels not loaded (os=Linux, arch=amd64). Using the Java path.
[21:15:58] [Render thread/INFO] (Minecraft) Resizing Chunk Sections UBO, capacity limit of 2 reached during a single frame. New capacity will be 4.
[21:15:58] [Server thread/INFO] (hsn-optimizations) HSN: native kernels not loaded (os=Linux, arch=amd64). Using the Java path.
[21:15:58] [Server thread/INFO] (hsn-optimizations) HSN: native kernels not loaded (os=Linux, arch=amd64). Using the Java path.
[21:15:58] [Render thread/INFO] (hsn-optimizations) HSN: native kernels not loaded (os=Linux, arch=amd64). Using the Java path.
[21:15:58] [Render thread/INFO] (hsn-optimizations) HSN: native kernels not loaded (os=Linux, arch=amd64). Using the Java path.
[21:15:58] [Server thread/INFO] (hsn-optimizations) HSN: native kernels not loaded (os=Linux, arch=amd64). Using the Java path.
[21:15:58] [Render thread/INFO] (hsn-optimizations) HSN: native kernels not loaded (os=Linux, arch=amd64). Using the Java path.
[21:15:58] [Render thread/INFO] (hsn-optimizations) HSN: native kernels not loaded (os=Linux, arch=amd64). Using the Java path.
[21:15:58] [Server thread/INFO] (hsn-optimizations) HSN: native kernels not loaded (os=Linux, arch=amd64). Using the Java path.
[21:15:58] [Server thread/INFO] (hsn-optimizations) HSN: native kernels not loaded (os=Linux, arch=amd64). Using the Java path.
[21:15:58] [Render thread/INFO] (hsn-optimizations) HSN: native kernels not loaded (os=Linux, arch=amd64). Using the Java path.
[21:15:58] [Render thread/INFO] (hsn-optimizations) HSN: native kernels not loaded (os=Linux, arch=amd64). Using the Java path.
[21:15:58] [Render thread/INFO] (hsn-optimizations) HSN: native kernels not loaded (os=Linux, arch=amd64). Using the Java path.
[21:15:58] [Server thread/INFO] (hsn-optimizations) HSN: native kernels not loaded (os=Linux, arch=amd64). Using the Java path.
[21:15:58] [Server thread/INFO] (hsn-optimizations) HSN: native kernels not loaded (os=Linux, arch=amd64). Using the Java path.
[21:15:58] [Render thread/INFO] (hsn-optimizations) HSN: native kernels not loaded (os=Linux, arch=amd64). Using the Java path.
[21:15:58] [Render thread/INFO] (hsn-optimizations) HSN: native kernels not loaded (os=Linux, arch=amd64). Using the Java path.
[21:15:58] [Render thread/INFO] (Minecraft) Resizing Chunk Sections UBO, capacity limit of 4 reached during a single frame. New capacity will be 8.
[21:15:58] [Server thread/INFO] (hsn-optimizations) HSN: native kernels not loaded (os=Linux, arch=amd64). Using the Java path.
[21:15:58] [Server thread/INFO] (hsn-optimizations) HSN: native kernels not loaded (os=Linux, arch=amd64). Using the Java path.
[21:15:58] [Render thread/INFO] (hsn-optimizations) HSN: native kernels not loaded (os=Linux, arch=amd64). Using the Java path.
[21:15:58] [Render thread/INFO] (hsn-optimizations) HSN: native kernels not loaded (os=Linux, arch=amd64). Using the Java path.
[21:15:58] [Server thread/INFO] (hsn-optimizations) HSN: native kernels not loaded (os=Linux, arch=amd64). Using the Java path.
[21:15:59] [Render thread/INFO] (hsn-optimizations) HSN: native kernels not loaded (os=Linux, arch=amd64). Using the Java path.
[21:15:59] [Server thread/INFO] (hsn-optimizations) HSN: native kernels not loaded (os=Linux, arch=amd64). Using the Java path.
[21:15:59] [Server thread/INFO] (hsn-optimizations) HSN: native kernels not loaded (os=Linux, arch=amd64). Using the Java path.
[21:15:59] [Render thread/INFO] (hsn-optimizations) HSN: native kernels not loaded (os=Linux, arch=amd64). Using the Java path.
[21:15:59] [Server thread/INFO] (hsn-optimizations) HSN: native kernels not loaded (os=Linux, arch=amd64). Using the Java path.
[21:15:59] [Server thread/INFO] (hsn-optimizations) HSN: native kernels not loaded (os=Linux, arch=amd64). Using the Java path.
[21:15:59] [Render thread/INFO] (hsn-optimizations) HSN: native kernels not loaded (os=Linux, arch=amd64). Using the Java path.
[21:15:59] [Render thread/INFO] (hsn-optimizations) HSN: native kernels not loaded (os=Linux, arch=amd64). Using the Java path.
[21:15:59] [Render thread/INFO] (hsn-optimizations) HSN: native kernels not loaded (os=Linux, arch=amd64). Using the Java path.
[21:15:59] [Render thread/INFO] (Minecraft) Resizing Chunk Sections UBO, capacity limit of 8 reached during a single frame. New capacity will be 16.
[21:15:59] [Server thread/INFO] (hsn-optimizations) HSN: native kernels not loaded (os=Linux, arch=amd64). Using the Java path.
[21:15:59] [Render thread/INFO] (hsn-optimizations) HSN: native kernels not loaded (os=Linux, arch=amd64). Using the Java path.
[21:15:59] [Server thread/INFO] (hsn-optimizations) HSN: native kernels not loaded (os=Linux, arch=amd64). Using the Java path.
[21:15:59] [Server thread/INFO] (hsn-optimizations) HSN: native kernels not loaded (os=Linux, arch=amd64). Using the Java path.
[21:15:59] [Render thread/INFO] (hsn-optimizations) HSN: native kernels not loaded (os=Linux, arch=amd64). Using the Java path.
[21:15:59] [Server thread/INFO] (hsn-optimizations) HSN: native kernels not loaded (os=Linux, arch=amd64). Using the Java path.
[21:15:59] [Render thread/INFO] (hsn-optimizations) HSN: native kernels not loaded (os=Linux, arch=amd64). Using the Java path.
[21:15:59] [Server thread/INFO] (hsn-optimizations) HSN: native kernels not loaded (os=Linux, arch=amd64). Using the Java path.
[21:15:59] [Render thread/INFO] (hsn-optimizations) HSN: native kernels not loaded (os=Linux, arch=amd64). Using the Java path.
[21:15:59] [Server thread/INFO] (hsn-optimizations) HSN: native kernels not loaded (os=Linux, arch=amd64). Using the Java path.
[21:15:59] [Server thread/INFO] (hsn-optimizations) HSN: native kernels not loaded (os=Linux, arch=amd64). Using the Java path.
[21:15:59] [Render thread/INFO] (hsn-optimizations) HSN: native kernels not loaded (os=Linux, arch=amd64). Using the Java path.
[21:15:59] [Server thread/INFO] (hsn-optimizations) HSN: native kernels not loaded (os=Linux, arch=amd64). Using the Java path.
[21:15:59] [Render thread/INFO] (hsn-optimizations) HSN: native kernels not loaded (os=Linux, arch=amd64). Using the Java path.
[21:15:59] [Server thread/INFO] (hsn-optimizations) HSN: native kernels not loaded (os=Linux, arch=amd64). Using the Java path.
[21:15:59] [Render thread/INFO] (hsn-optimizations) HSN: native kernels not loaded (os=Linux, arch=amd64). Using the Java path.
[21:15:59] [Render thread/INFO] (hsn-optimizations) HSN: native kernels not loaded (os=Linux, arch=amd64). Using the Java path.
[21:15:59] [Render thread/INFO] (hsn-optimizations) HSN: native kernels not loaded (os=Linux, arch=amd64). Using the Java path.
[21:15:59] [Server thread/INFO] (hsn-optimizations) HSN: native kernels not loaded (os=Linux, arch=amd64). Using the Java path.
[21:15:59] [Server thread/INFO] (hsn-optimizations) HSN: native kernels not loaded (os=Linux, arch=amd64). Using the Java path.
[21:15:59] [Render thread/INFO] (hsn-optimizations) HSN: native kernels not loaded (os=Linux, arch=amd64). Using the Java path.
[21:15:59] [Server thread/INFO] (hsn-optimizations) HSN: native kernels not loaded (os=Linux, arch=amd64). Using the Java path.
[21:15:59] [Render thread/INFO] (hsn-optimizations) HSN: native kernels not loaded (os=Linux, arch=amd64). Using the Java path.
[21:15:59] [Server thread/INFO] (hsn-optimizations) HSN: native kernels not loaded (os=Linux, arch=amd64). Using the Java path.
[21:15:59] [Render thread/INFO] (hsn-optimizations) HSN: native kernels not loaded (os=Linux, arch=amd64). Using the Java path.
[21:15:59] [Server thread/INFO] (hsn-optimizations) HSN: native kernels not loaded (os=Linux, arch=amd64). Using the Java path.
[21:15:59] [Render thread/INFO] (hsn-optimizations) HSN: native kernels not loaded (os=Linux, arch=amd64). Using the Java path.
[21:15:59] [Server thread/INFO] (hsn-optimizations) HSN: native kernels not loaded (os=Linux, arch=amd64). Using the Java path.
[21:15:59] [Render thread/INFO] (hsn-optimizations) HSN: native kernels not loaded (os=Linux, arch=amd64). Using the Java path.
[21:15:59] [Render thread/INFO] (hsn-optimizations) HSN: native kernels not loaded (os=Linux, arch=amd64). Using the Java path.
[21:16:00] [Server thread/INFO] (hsn-optimizations) HSN: native kernels not loaded (os=Linux, arch=amd64). Using the Java path.
[21:16:00] [Render thread/INFO] (hsn-optimizations) HSN: native kernels not loaded (os=Linux, arch=amd64). Using the Java path.
[21:16:00] [Server thread/INFO] (hsn-optimizations) HSN: native kernels not loaded (os=Linux, arch=amd64). Using the Java path.
[21:16:00] [Render thread/INFO] (hsn-optimizations) HSN: native kernels not loaded (os=Linux, arch=amd64). Using the Java path.
[21:16:00] [Server thread/INFO] (hsn-optimizations) HSN: native kernels not loaded (os=Linux, arch=amd64). Using the Java path.
[21:16:00] [Render thread/INFO] (hsn-optimizations) HSN: native kernels not loaded (os=Linux, arch=amd64). Using the Java path.
[21:16:00] [Server thread/INFO] (hsn-optimizations) HSN: native kernels not loaded (os=Linux, arch=amd64). Using the Java path.
[21:16:00] [Render thread/INFO] (hsn-optimizations) HSN: native kernels not loaded (os=Linux, arch=amd64). Using the Java path.
[21:16:00] [Render thread/INFO] (hsn-optimizations) HSN: native kernels not loaded (os=Linux, arch=amd64). Using the Java path.
[21:16:00] [Server thread/INFO] (hsn-optimizations) HSN: native kernels not loaded (os=Linux, arch=amd64). Using the Java path.
[21:16:00] [Server thread/INFO] (hsn-optimizations) HSN: native kernels not loaded (os=Linux, arch=amd64). Using the Java path.
[21:16:00] [Render thread/INFO] (hsn-optimizations) HSN: native kernels not loaded (os=Linux, arch=amd64). Using the Java path.
[21:16:00] [Server thread/INFO] (hsn-optimizations) HSN: native kernels not loaded (os=Linux, arch=amd64). Using the Java path.
[21:16:00] [Render thread/INFO] (hsn-optimizations) HSN: native kernels not loaded (os=Linux, arch=amd64). Using the Java path.
[21:16:00] [Server thread/INFO] (hsn-optimizations) HSN: native kernels not loaded (os=Linux, arch=amd64). Using the Java path.
[21:16:00] [Server thread/INFO] (hsn-optimizations) HSN: native kernels not loaded (os=Linux, arch=amd64). Using the Java path.
[21:16:00] [Render thread/INFO] (hsn-optimizations) HSN: native kernels not loaded (os=Linux, arch=amd64). Using the Java path.
[21:16:00] [Render thread/INFO] (hsn-optimizations) HSN: native kernels not loaded (os=Linux, arch=amd64). Using the Java path.
[21:16:00] [Server thread/INFO] (hsn-optimizations) HSN: native kernels not loaded (os=Linux, arch=amd64). Using the Java path.
[21:16:00] [Render thread/INFO] (hsn-optimizations) HSN: native kernels not loaded (os=Linux, arch=amd64). Using the Java path.
[21:16:00] [Render thread/INFO] (hsn-optimizations) HSN: native kernels not loaded (os=Linux, arch=amd64). Using the Java path.
[21:16:00] [Server thread/INFO] (hsn-optimizations) HSN: native kernels not loaded (os=Linux, arch=amd64). Using the Java path.
[21:16:00] [Server thread/INFO] (hsn-optimizations) HSN: native kernels not loaded (os=Linux, arch=amd64). Using the Java path.
[21:16:00] [Render thread/INFO] (hsn-optimizations) HSN: native kernels not loaded (os=Linux, arch=amd64). Using the Java path.
[21:16:00] [Server thread/INFO] (hsn-optimizations) HSN: native kernels not loaded (os=Linux, arch=amd64). Using the Java path.
[21:16:00] [Render thread/INFO] (hsn-optimizations) HSN: native kernels not loaded (os=Linux, arch=amd64). Using the Java path.
[21:16:00] [Server thread/INFO] (hsn-optimizations) HSN: native kernels not loaded (os=Linux, arch=amd64). Using the Java path.
[21:16:00] [Render thread/INFO] (hsn-optimizations) HSN: native kernels not loaded (os=Linux, arch=amd64). Using the Java path.
[21:16:00] [Server thread/INFO] (hsn-optimizations) HSN: native kernels not loaded (os=Linux, arch=amd64). Using the Java path.
[21:16:00] [Render thread/INFO] (hsn-optimizations) HSN: native kernels not loaded (os=Linux, arch=amd64). Using the Java path.
[21:16:00] [Server thread/INFO] (hsn-optimizations) HSN: native kernels not loaded (os=Linux, arch=amd64). Using the Java path.
[21:16:00] [Render thread/INFO] (hsn-optimizations) HSN: native kernels not loaded (os=Linux, arch=amd64). Using the Java path.
[21:16:00] [Server thread/INFO] (hsn-optimizations) HSN: native kernels not loaded (os=Linux, arch=amd64). Using the Java path.
[21:16:00] [Render thread/INFO] (hsn-optimizations) HSN: native kernels not loaded (os=Linux, arch=amd64). Using the Java path.
[21:16:00] [Server thread/INFO] (hsn-optimizations) HSN: native kernels not loaded (os=Linux, arch=amd64). Using the Java path.
[21:16:00] [Server thread/INFO] (hsn-optimizations) HSN: native kernels not loaded (os=Linux, arch=amd64). Using the Java path.
[21:16:00] [Render thread/INFO] (hsn-optimizations) HSN: native kernels not loaded (os=Linux, arch=amd64). Using the Java path.
[21:16:00] [Server thread/INFO] (hsn-optimizations) HSN: native kernels not loaded (os=Linux, arch=amd64). Using the Java path.
[21:16:00] [Server thread/INFO] (hsn-optimizations) HSN: native kernels not loaded (os=Linux, arch=amd64). Using the Java path.
[21:16:00] [Render thread/INFO] (hsn-optimizations) HSN: native kernels not loaded (os=Linux, arch=amd64). Using the Java path.
[21:16:01] [Render thread/INFO] (hsn-optimizations) HSN: native kernels not loaded (os=Linux, arch=amd64). Using the Java path.
[21:16:01] [Server thread/INFO] (hsn-optimizations) HSN: native kernels not loaded (os=Linux, arch=amd64). Using the Java path.
[21:16:01] [Render thread/INFO] (hsn-optimizations) HSN: native kernels not loaded (os=Linux, arch=amd64). Using the Java path.
[21:16:01] [Server thread/INFO] (hsn-optimizations) HSN: native kernels not loaded (os=Linux, arch=amd64). Using the Java path.
[21:16:01] [Render thread/INFO] (hsn-optimizations) HSN: native kernels not loaded (os=Linux, arch=amd64). Using the Java path.
[21:16:01] [Render thread/INFO] (hsn-optimizations) HSN: native kernels not loaded (os=Linux, arch=amd64). Using the Java path.
[21:16:01] [Server thread/INFO] (hsn-optimizations) HSN: native kernels not loaded (os=Linux, arch=amd64). Using the Java path.
[21:16:01] [Server thread/INFO] (hsn-optimizations) HSN: native kernels not loaded (os=Linux, arch=amd64). Using the Java path.
[21:16:01] [Render thread/INFO] (hsn-optimizations) HSN: native kernels not loaded (os=Linux, arch=amd64). Using the Java path.
[21:16:01] [Server thread/INFO] (hsn-optimizations) HSN: native kernels not loaded (os=Linux, arch=amd64). Using the Java path.
[21:16:01] [Render thread/INFO] (hsn-optimizations) HSN: native kernels not loaded (os=Linux, arch=amd64). Using the Java path.
[21:16:01] [Server thread/INFO] (hsn-optimizations) HSN: native kernels not loaded (os=Linux, arch=amd64). Using the Java path.
[21:16:01] [Render thread/INFO] (hsn-optimizations) HSN: native kernels not loaded (os=Linux, arch=amd64). Using the Java path.
[21:16:01] [Render thread/INFO] (hsn-optimizations) HSN: native kernels not loaded (os=Linux, arch=amd64). Using the Java path.
[21:16:01] [Server thread/INFO] (hsn-optimizations) HSN: native kernels not loaded (os=Linux, arch=amd64). Using the Java path.
[21:16:01] [Render thread/INFO] (hsn-optimizations) HSN: native kernels not loaded (os=Linux, arch=amd64). Using the Java path.
[21:16:01] [Server thread/INFO] (Minecraft) Saving and pausing game...
[21:16:01] [Render thread/INFO] (hsn-optimizations) HSN: native kernels not loaded (os=Linux, arch=amd64). Using the Java path.
[21:16:01] [Render thread/INFO] (hsn-optimizations) HSN: native kernels not loaded (os=Linux, arch=amd64). Using the Java path.
[21:16:01] [Render thread/INFO] (hsn-optimizations) HSN: native kernels not loaded (os=Linux, arch=amd64). Using the Java path.
[21:16:01] [Render thread/INFO] (hsn-optimizations) HSN: native kernels not loaded (os=Linux, arch=amd64). Using the Java path.
[21:16:01] [Render thread/INFO] (hsn-optimizations) HSN: native kernels not loaded (os=Linux, arch=amd64). Using the Java path.
[21:16:01] [Server thread/INFO] (Minecraft) Saving chunks for level 'ServerLevel[New World]'/minecraft:overworld
[21:16:01] [Render thread/INFO] (hsn-optimizations) HSN: native kernels not loaded (os=Linux, arch=amd64). Using the Java path.
[21:16:01] [Render thread/INFO] (hsn-optimizations) HSN: native kernels not loaded (os=Linux, arch=amd64). Using the Java path.
[21:16:01] [Server thread/INFO] (Minecraft) Saving chunks for level 'ServerLevel[New World]'/minecraft:the_end
[21:16:01] [Server thread/INFO] (Minecraft) Saving chunks for level 'ServerLevel[New World]'/minecraft:the_nether
[21:16:01] [Render thread/INFO] (hsn-optimizations) HSN: native kernels not loaded (os=Linux, arch=amd64). Using the Java path.
[21:16:01] [Render thread/INFO] (hsn-optimizations) HSN: native kernels not loaded (os=Linux, arch=amd64). Using the Java path.
[21:16:01] [Render thread/INFO] (hsn-optimizations) HSN: native kernels not loaded (os=Linux, arch=amd64). Using the Java path.
[21:16:02] [Render thread/INFO] (hsn-optimizations) HSN: native kernels not loaded (os=Linux, arch=amd64). Using the Java path.
[21:16:02] [Render thread/INFO] (hsn-optimizations) HSN: native kernels not loaded (os=Linux, arch=amd64). Using the Java path.
[21:16:02] [Render thread/INFO] (hsn-optimizations) HSN: native kernels not loaded (os=Linux, arch=amd64). Using the Java path.
[21:16:02] [Render thread/INFO] (hsn-optimizations) HSN: native kernels not loaded (os=Linux, arch=amd64). Using the Java path.
[21:16:02] [Render thread/INFO] (hsn-optimizations) HSN: native kernels not loaded (os=Linux, arch=amd64). Using the Java path.
[21:16:02] [Render thread/INFO] (hsn-optimizations) HSN: native kernels not loaded (os=Linux, arch=amd64). Using the Java path.
[21:16:02] [Render thread/INFO] (hsn-optimizations) HSN: native kernels not loaded (os=Linux, arch=amd64). Using the Java path.
[21:16:02] [Render thread/INFO] (hsn-optimizations) HSN: native kernels not loaded (os=Linux, arch=amd64). Using the Java path.
[21:16:02] [Render thread/INFO] (hsn-optimizations) HSN: native kernels not loaded (os=Linux, arch=amd64). Using the Java path.
[21:16:02] [Render thread/INFO] (hsn-optimizations) HSN: native kernels not loaded (os=Linux, arch=amd64). Using the Java path.
[21:16:02] [Render thread/INFO] (hsn-optimizations) HSN: native kernels not loaded (os=Linux, arch=amd64). Using the Java path.
[21:16:02] [Render thread/INFO] (hsn-optimizations) HSN: native kernels not loaded (os=Linux, arch=amd64). Using the Java path.
[21:16:02] [Render thread/INFO] (hsn-optimizations) HSN: native kernels not loaded (os=Linux, arch=amd64). Using the Java path.
[21:16:02] [Render thread/INFO] (hsn-optimizations) HSN: native kernels not loaded (os=Linux, arch=amd64). Using the Java path.
[21:16:02] [Render thread/INFO] (hsn-optimizations) HSN: native kernels not loaded (os=Linux, arch=amd64). Using the Java path.
[21:16:02] [Render thread/INFO] (hsn-optimizations) HSN: native kernels not loaded (os=Linux, arch=amd64). Using the Java path.
[21:16:02] [Render thread/INFO] (hsn-optimizations) HSN: native kernels not loaded (os=Linux, arch=amd64). Using the Java path.
[21:16:02] [Render thread/INFO] (hsn-optimizations) HSN: native kernels not loaded (os=Linux, arch=amd64). Using the Java path.
[21:16:03] [Render thread/INFO] (hsn-optimizations) HSN: native kernels not loaded (os=Linux, arch=amd64). Using the Java path.
[21:16:03] [Render thread/INFO] (hsn-optimizations) HSN: native kernels not loaded (os=Linux, arch=amd64). Using the Java path.
[21:16:03] [Render thread/INFO] (hsn-optimizations) HSN: native kernels not loaded (os=Linux, arch=amd64). Using the Java path.
[21:16:03] [Render thread/INFO] (hsn-optimizations) HSN: native kernels not loaded (os=Linux, arch=amd64). Using the Java path.
[21:16:03] [Render thread/INFO] (hsn-optimizations) HSN: native kernels not loaded (os=Linux, arch=amd64). Using the Java path.
[21:16:03] [Render thread/INFO] (hsn-optimizations) HSN: native kernels not loaded (os=Linux, arch=amd64). Using the Java path.
[21:16:03] [Render thread/INFO] (hsn-optimizations) HSN: native kernels not loaded (os=Linux, arch=amd64). Using the Java path.
[21:16:03] [Render thread/INFO] (Minecraft) Stopping!
[21:16:03] [Server thread/INFO] (Minecraft) Stopping server
[21:16:03] [Server thread/INFO] (Minecraft) Saving players
[21:16:03] [Server thread/INFO] (Minecraft) Player976 lost connection: Disconnected
[21:16:03] [Server thread/INFO] (Minecraft) System chat: Player976 left the game
[21:16:03] [Server thread/INFO] (Minecraft) Stopping singleplayer server as player logged out
[21:16:03] [Server thread/INFO] (Minecraft) Saving worlds
[21:16:05] [Server thread/INFO] (Minecraft) Saving chunks for level 'ServerLevel[New World]'/minecraft:overworld
[21:16:07] [Server thread/INFO] (Minecraft) Saving chunks for level 'ServerLevel[New World]'/minecraft:the_end
[21:16:07] [Server thread/INFO] (Minecraft) Saving chunks for level 'ServerLevel[New World]'/minecraft:the_nether
